/opt/homebrew/lib/ruby/gems/4.0.0/gems/jekyll-3.9.0/lib/jekyll/log_adapter.rb:43: warning: Logger not initialized properly
/opt/homebrew/lib/ruby/gems/4.0.0/gems/jekyll-3.9.0/lib/jekyll/stevenson.rb:5: info: Jekyll::Stevenson#initialize: does not call super probably
Configuration file: /Users/manan/manansethia.github.io/_config.yml
[33m       Deprecation: The 'gems' configuration option has been renamed to 'plugins'. Please update your config file accordingly.[0m
            Source: /Users/manan/manansethia.github.io
       Destination: /Users/manan/manansethia.github.io/_site
 Incremental build: disabled. Enable with --incremental
      Generating... 
       Jekyll Feed: Generating feed for posts
                    done in 2.896 seconds.
 Auto-regeneration: enabled for '/Users/manan/manansethia.github.io'
    Server address: http://127.0.0.1:4000/
  Server running... press ctrl-c to stop.
[2026-05-04 20:15:42] ERROR Errno::ECONNRESET: Connection reset by peer @ io_fillbuf - fd:14 
	/opt/homebrew/lib/ruby/gems/4.0.0/gems/webrick-1.9.2/lib/webrick/httpserver.rb:82:in 'IO#eof?'
	/opt/homebrew/lib/ruby/gems/4.0.0/gems/webrick-1.9.2/lib/webrick/httpserver.rb:82:in 'WEBrick::HTTPServer#run'
	/opt/homebrew/lib/ruby/gems/4.0.0/gems/webrick-1.9.2/lib/webrick/server.rb:309:in 'block in WEBrick::GenericServer#start_thread'
[2026-05-04 20:15:43] ERROR Errno::ECONNRESET: Connection reset by peer @ io_fillbuf - fd:13 
	/opt/homebrew/lib/ruby/gems/4.0.0/gems/webrick-1.9.2/lib/webrick/httpserver.rb:82:in 'IO#eof?'
	/opt/homebrew/lib/ruby/gems/4.0.0/gems/webrick-1.9.2/lib/webrick/httpserver.rb:82:in 'WEBrick::HTTPServer#run'
	/opt/homebrew/lib/ruby/gems/4.0.0/gems/webrick-1.9.2/lib/webrick/server.rb:309:in 'block in WEBrick::GenericServer#start_thread'
[2026-05-04 20:15:43] ERROR Errno::ECONNRESET: Connection reset by peer @ io_fillbuf - fd:23 
	/opt/homebrew/lib/ruby/gems/4.0.0/gems/webrick-1.9.2/lib/webrick/httpserver.rb:82:in 'IO#eof?'
	/opt/homebrew/lib/ruby/gems/4.0.0/gems/webrick-1.9.2/lib/webrick/httpserver.rb:82:in 'WEBrick::HTTPServer#run'
	/opt/homebrew/lib/ruby/gems/4.0.0/gems/webrick-1.9.2/lib/webrick/server.rb:309:in 'block in WEBrick::GenericServer#start_thread'
[2026-05-04 20:15:43] ERROR Errno::ECONNRESET: Connection reset by peer @ io_fillbuf - fd:24 
	/opt/homebrew/lib/ruby/gems/4.0.0/gems/webrick-1.9.2/lib/webrick/httpserver.rb:82:in 'IO#eof?'
	/opt/homebrew/lib/ruby/gems/4.0.0/gems/webrick-1.9.2/lib/webrick/httpserver.rb:82:in 'WEBrick::HTTPServer#run'
	/opt/homebrew/lib/ruby/gems/4.0.0/gems/webrick-1.9.2/lib/webrick/server.rb:309:in 'block in WEBrick::GenericServer#start_thread'
[2026-05-04 20:15:43] ERROR Errno::ECONNRESET: Connection reset by peer @ io_fillbuf - fd:14 
	/opt/homebrew/lib/ruby/gems/4.0.0/gems/webrick-1.9.2/lib/webrick/httpserver.rb:82:in 'IO#eof?'
	/opt/homebrew/lib/ruby/gems/4.0.0/gems/webrick-1.9.2/lib/webrick/httpserver.rb:82:in 'WEBrick::HTTPServer#run'
	/opt/homebrew/lib/ruby/gems/4.0.0/gems/webrick-1.9.2/lib/webrick/server.rb:309:in 'block in WEBrick::GenericServer#start_thread'
[2026-05-04 20:15:43] ERROR Errno::ECONNRESET: Connection reset by peer @ io_fillbuf - fd:26 
	/opt/homebrew/lib/ruby/gems/4.0.0/gems/webrick-1.9.2/lib/webrick/httpserver.rb:82:in 'IO#eof?'
	/opt/homebrew/lib/ruby/gems/4.0.0/gems/webrick-1.9.2/lib/webrick/httpserver.rb:82:in 'WEBrick::HTTPServer#run'
	/opt/homebrew/lib/ruby/gems/4.0.0/gems/webrick-1.9.2/lib/webrick/server.rb:309:in 'block in WEBrick::GenericServer#start_thread'
[2026-05-04 20:16:31] ERROR Errno::ECONNRESET: Connection reset by peer @ io_fillbuf - fd:13 
	/opt/homebrew/lib/ruby/gems/4.0.0/gems/webrick-1.9.2/lib/webrick/httpserver.rb:82:in 'IO#eof?'
	/opt/homebrew/lib/ruby/gems/4.0.0/gems/webrick-1.9.2/lib/webrick/httpserver.rb:82:in 'WEBrick::HTTPServer#run'
	/opt/homebrew/lib/ruby/gems/4.0.0/gems/webrick-1.9.2/lib/webrick/server.rb:309:in 'block in WEBrick::GenericServer#start_thread'
[2026-05-04 20:16:31] ERROR Errno::ECONNRESET: Connection reset by peer @ io_fillbuf - fd:14 
	/opt/homebrew/lib/ruby/gems/4.0.0/gems/webrick-1.9.2/lib/webrick/httpserver.rb:82:in 'IO#eof?'
	/opt/homebrew/lib/ruby/gems/4.0.0/gems/webrick-1.9.2/lib/webrick/httpserver.rb:82:in 'WEBrick::HTTPServer#run'
	/opt/homebrew/lib/ruby/gems/4.0.0/gems/webrick-1.9.2/lib/webrick/server.rb:309:in 'block in WEBrick::GenericServer#start_thread'
[2026-05-04 20:16:31] ERROR Errno::ECONNRESET: Connection reset by peer @ io_fillbuf - fd:20 
	/opt/homebrew/lib/ruby/gems/4.0.0/gems/webrick-1.9.2/lib/webrick/httpserver.rb:82:in 'IO#eof?'
	/opt/homebrew/lib/ruby/gems/4.0.0/gems/webrick-1.9.2/lib/webrick/httpserver.rb:82:in 'WEBrick::HTTPServer#run'
	/opt/homebrew/lib/ruby/gems/4.0.0/gems/webrick-1.9.2/lib/webrick/server.rb:309:in 'block in WEBrick::GenericServer#start_thread'
[2026-05-04 20:16:31] ERROR Errno::ECONNRESET: Connection reset by peer @ io_fillbuf - fd:26 
	/opt/homebrew/lib/ruby/gems/4.0.0/gems/webrick-1.9.2/lib/webrick/httpserver.rb:82:in 'IO#eof?'
	/opt/homebrew/lib/ruby/gems/4.0.0/gems/webrick-1.9.2/lib/webrick/httpserver.rb:82:in 'WEBrick::HTTPServer#run'
	/opt/homebrew/lib/ruby/gems/4.0.0/gems/webrick-1.9.2/lib/webrick/server.rb:309:in 'block in WEBrick::GenericServer#start_thread'
[2026-05-04 20:16:31] ERROR Errno::ECONNRESET: Connection reset by peer @ io_fillbuf - fd:27 
	/opt/homebrew/lib/ruby/gems/4.0.0/gems/webrick-1.9.2/lib/webrick/httpserver.rb:82:in 'IO#eof?'
	/opt/homebrew/lib/ruby/gems/4.0.0/gems/webrick-1.9.2/lib/webrick/httpserver.rb:82:in 'WEBrick::HTTPServer#run'
	/opt/homebrew/lib/ruby/gems/4.0.0/gems/webrick-1.9.2/lib/webrick/server.rb:309:in 'block in WEBrick::GenericServer#start_thread'
[2026-05-04 20:16:31] ERROR Errno::ECONNRESET: Connection reset by peer @ io_fillbuf - fd:24 
	/opt/homebrew/lib/ruby/gems/4.0.0/gems/webrick-1.9.2/lib/webrick/httpserver.rb:82:in 'IO#eof?'
	/opt/homebrew/lib/ruby/gems/4.0.0/gems/webrick-1.9.2/lib/webrick/httpserver.rb:82:in 'WEBrick::HTTPServer#run'
	/opt/homebrew/lib/ruby/gems/4.0.0/gems/webrick-1.9.2/lib/webrick/server.rb:309:in 'block in WEBrick::GenericServer#start_thread'
[2026-05-04 20:16:31] ERROR Errno::ECONNRESET: Connection reset by peer @ io_fillbuf - fd:13 
	/opt/homebrew/lib/ruby/gems/4.0.0/gems/webrick-1.9.2/lib/webrick/httpserver.rb:82:in 'IO#eof?'
	/opt/homebrew/lib/ruby/gems/4.0.0/gems/webrick-1.9.2/lib/webrick/httpserver.rb:82:in 'WEBrick::HTTPServer#run'
	/opt/homebrew/lib/ruby/gems/4.0.0/gems/webrick-1.9.2/lib/webrick/server.rb:309:in 'block in WEBrick::GenericServer#start_thread'
      Regenerating: 1 file(s) changed at 2026-05-04 20:25:34
                    _sass/_base.scss
       Jekyll Feed: Generating feed for posts
                    ...done in 4.328771 seconds.
                    
      Regenerating: 1 file(s) changed at 2026-05-04 20:26:10
                    _includes/theme-toggle.html
       Jekyll Feed: Generating feed for posts
                    ...done in 4.676963 seconds.
                    
      Regenerating: 1 file(s) changed at 2026-05-04 20:26:33
                    _includes/theme-toggle.html
       Jekyll Feed: Generating feed for posts
                    ...done in 3.060377 seconds.
                    
      Regenerating: 1 file(s) changed at 2026-05-04 20:27:34
                    _includes/theme-toggle.html
       Jekyll Feed: Generating feed for posts
                    ...done in 2.723385 seconds.
                    
      Regenerating: 1 file(s) changed at 2026-05-04 20:28:11
                    _pages/education.md
       Jekyll Feed: Generating feed for posts
                    ...done in 2.88796 seconds.
                    
      Regenerating: 1 file(s) changed at 2026-05-04 20:28:52
                    _pages/projects.md
       Jekyll Feed: Generating feed for posts
                    ...done in 2.551423 seconds.
                    
      Regenerating: 1 file(s) changed at 2026-05-04 20:29:32
                    _pages/skills.md
       Jekyll Feed: Generating feed for posts
                    ...done in 3.496594 seconds.
                    
      Regenerating: 1 file(s) changed at 2026-05-04 20:29:52
                    _includes/theme-toggle.html
       Jekyll Feed: Generating feed for posts
                    ...done in 2.605744 seconds.
                    
      Regenerating: 1 file(s) changed at 2026-05-04 20:30:29
                    _pages/experience.md
       Jekyll Feed: Generating feed for posts
                    ...done in 3.392315 seconds.
                    
      Regenerating: 1 file(s) changed at 2026-05-04 20:31:36
                    _pages/achievements.md
       Jekyll Feed: Generating feed for posts
                    ...done in 4.573177 seconds.
                    
      Regenerating: 1 file(s) changed at 2026-05-04 20:32:32
                    _pages/cv.md
       Jekyll Feed: Generating feed for posts
                    ...done in 2.908137 seconds.
                    
      Regenerating: 1 file(s) changed at 2026-05-04 20:32:46
                    _pages/about.md
       Jekyll Feed: Generating feed for posts
                    ...done in 3.14295 seconds.
                    
      Regenerating: 1 file(s) changed at 2026-05-04 20:33:14
                    _includes/theme-toggle.html
       Jekyll Feed: Generating feed for posts
                    ...done in 4.05161 seconds.
                    
[2026-05-04 20:33:39] ERROR Errno::ECONNRESET: Connection reset by peer @ io_fillbuf - fd:13 
	/opt/homebrew/lib/ruby/gems/4.0.0/gems/webrick-1.9.2/lib/webrick/httpserver.rb:82:in 'IO#eof?'
	/opt/homebrew/lib/ruby/gems/4.0.0/gems/webrick-1.9.2/lib/webrick/httpserver.rb:82:in 'WEBrick::HTTPServer#run'
	/opt/homebrew/lib/ruby/gems/4.0.0/gems/webrick-1.9.2/lib/webrick/server.rb:309:in 'block in WEBrick::GenericServer#start_thread'
[2026-05-04 20:33:39] ERROR Errno::ECONNRESET: Connection reset by peer @ io_fillbuf - fd:14 
	/opt/homebrew/lib/ruby/gems/4.0.0/gems/webrick-1.9.2/lib/webrick/httpserver.rb:82:in 'IO#eof?'
	/opt/homebrew/lib/ruby/gems/4.0.0/gems/webrick-1.9.2/lib/webrick/httpserver.rb:82:in 'WEBrick::HTTPServer#run'
	/opt/homebrew/lib/ruby/gems/4.0.0/gems/webrick-1.9.2/lib/webrick/server.rb:309:in 'block in WEBrick::GenericServer#start_thread'
[2026-05-04 20:33:40] ERROR Errno::ECONNRESET: Connection reset by peer @ io_fillbuf - fd:13 
	/opt/homebrew/lib/ruby/gems/4.0.0/gems/webrick-1.9.2/lib/webrick/httpserver.rb:82:in 'IO#eof?'
	/opt/homebrew/lib/ruby/gems/4.0.0/gems/webrick-1.9.2/lib/webrick/httpserver.rb:82:in 'WEBrick::HTTPServer#run'
	/opt/homebrew/lib/ruby/gems/4.0.0/gems/webrick-1.9.2/lib/webrick/server.rb:309:in 'block in WEBrick::GenericServer#start_thread'
[2026-05-04 20:33:40] ERROR Errno::ECONNRESET: Connection reset by peer @ io_fillbuf - fd:22 
	/opt/homebrew/lib/ruby/gems/4.0.0/gems/webrick-1.9.2/lib/webrick/httpserver.rb:82:in 'IO#eof?'
	/opt/homebrew/lib/ruby/gems/4.0.0/gems/webrick-1.9.2/lib/webrick/httpserver.rb:82:in 'WEBrick::HTTPServer#run'
	/opt/homebrew/lib/ruby/gems/4.0.0/gems/webrick-1.9.2/lib/webrick/server.rb:309:in 'block in WEBrick::GenericServer#start_thread'
[2026-05-04 20:33:40] ERROR Errno::ECONNRESET: Connection reset by peer @ io_fillbuf - fd:24 
	/opt/homebrew/lib/ruby/gems/4.0.0/gems/webrick-1.9.2/lib/webrick/httpserver.rb:82:in 'IO#eof?'
	/opt/homebrew/lib/ruby/gems/4.0.0/gems/webrick-1.9.2/lib/webrick/httpserver.rb:82:in 'WEBrick::HTTPServer#run'
	/opt/homebrew/lib/ruby/gems/4.0.0/gems/webrick-1.9.2/lib/webrick/server.rb:309:in 'block in WEBrick::GenericServer#start_thread'
[2026-05-04 20:33:40] ERROR Errno::ECONNRESET: Connection reset by peer @ io_fillbuf - fd:14 
	/opt/homebrew/lib/ruby/gems/4.0.0/gems/webrick-1.9.2/lib/webrick/httpserver.rb:82:in 'IO#eof?'
	/opt/homebrew/lib/ruby/gems/4.0.0/gems/webrick-1.9.2/lib/webrick/httpserver.rb:82:in 'WEBrick::HTTPServer#run'
	/opt/homebrew/lib/ruby/gems/4.0.0/gems/webrick-1.9.2/lib/webrick/server.rb:309:in 'block in WEBrick::GenericServer#start_thread'
[2026-05-04 20:33:40] ERROR Errno::ECONNRESET: Connection reset by peer @ io_fillbuf - fd:25 
	/opt/homebrew/lib/ruby/gems/4.0.0/gems/webrick-1.9.2/lib/webrick/httpserver.rb:82:in 'IO#eof?'
	/opt/homebrew/lib/ruby/gems/4.0.0/gems/webrick-1.9.2/lib/webrick/httpserver.rb:82:in 'WEBrick::HTTPServer#run'
	/opt/homebrew/lib/ruby/gems/4.0.0/gems/webrick-1.9.2/lib/webrick/server.rb:309:in 'block in WEBrick::GenericServer#start_thread'
[2026-05-04 20:33:42] ERROR Errno::ECONNRESET: Connection reset by peer @ io_fillbuf - fd:14 
	/opt/homebrew/lib/ruby/gems/4.0.0/gems/webrick-1.9.2/lib/webrick/httpserver.rb:82:in 'IO#eof?'
	/opt/homebrew/lib/ruby/gems/4.0.0/gems/webrick-1.9.2/lib/webrick/httpserver.rb:82:in 'WEBrick::HTTPServer#run'
	/opt/homebrew/lib/ruby/gems/4.0.0/gems/webrick-1.9.2/lib/webrick/server.rb:309:in 'block in WEBrick::GenericServer#start_thread'
[2026-05-04 20:33:42] ERROR Errno::ECONNRESET: Connection reset by peer @ io_fillbuf - fd:22 
	/opt/homebrew/lib/ruby/gems/4.0.0/gems/webrick-1.9.2/lib/webrick/httpserver.rb:82:in 'IO#eof?'
	/opt/homebrew/lib/ruby/gems/4.0.0/gems/webrick-1.9.2/lib/webrick/httpserver.rb:82:in 'WEBrick::HTTPServer#run'
	/opt/homebrew/lib/ruby/gems/4.0.0/gems/webrick-1.9.2/lib/webrick/server.rb:309:in 'block in WEBrick::GenericServer#start_thread'
[2026-05-04 20:33:42] ERROR Errno::ECONNRESET: Connection reset by peer @ io_fillbuf - fd:28 
	/opt/homebrew/lib/ruby/gems/4.0.0/gems/webrick-1.9.2/lib/webrick/httpserver.rb:82:in 'IO#eof?'
	/opt/homebrew/lib/ruby/gems/4.0.0/gems/webrick-1.9.2/lib/webrick/httpserver.rb:82:in 'WEBrick::HTTPServer#run'
	/opt/homebrew/lib/ruby/gems/4.0.0/gems/webrick-1.9.2/lib/webrick/server.rb:309:in 'block in WEBrick::GenericServer#start_thread'
[2026-05-04 20:33:42] ERROR Errno::ECONNRESET: Connection reset by peer @ io_fillbuf - fd:31 
	/opt/homebrew/lib/ruby/gems/4.0.0/gems/webrick-1.9.2/lib/webrick/httpserver.rb:82:in 'IO#eof?'
	/opt/homebrew/lib/ruby/gems/4.0.0/gems/webrick-1.9.2/lib/webrick/httpserver.rb:82:in 'WEBrick::HTTPServer#run'
	/opt/homebrew/lib/ruby/gems/4.0.0/gems/webrick-1.9.2/lib/webrick/server.rb:309:in 'block in WEBrick::GenericServer#start_thread'
[2026-05-04 20:33:42] ERROR Errno::ECONNRESET: Connection reset by peer @ io_fillbuf - fd:27 
	/opt/homebrew/lib/ruby/gems/4.0.0/gems/webrick-1.9.2/lib/webrick/httpserver.rb:82:in 'IO#eof?'
	/opt/homebrew/lib/ruby/gems/4.0.0/gems/webrick-1.9.2/lib/webrick/httpserver.rb:82:in 'WEBrick::HTTPServer#run'
	/opt/homebrew/lib/ruby/gems/4.0.0/gems/webrick-1.9.2/lib/webrick/server.rb:309:in 'block in WEBrick::GenericServer#start_thread'
[2026-05-04 20:33:42] ERROR Errno::ECONNRESET: Connection reset by peer @ io_fillbuf - fd:24 
	/opt/homebrew/lib/ruby/gems/4.0.0/gems/webrick-1.9.2/lib/webrick/httpserver.rb:82:in 'IO#eof?'
	/opt/homebrew/lib/ruby/gems/4.0.0/gems/webrick-1.9.2/lib/webrick/httpserver.rb:82:in 'WEBrick::HTTPServer#run'
	/opt/homebrew/lib/ruby/gems/4.0.0/gems/webrick-1.9.2/lib/webrick/server.rb:309:in 'block in WEBrick::GenericServer#start_thread'
[2026-05-04 20:33:42] ERROR Errno::ECONNRESET: Connection reset by peer @ io_fillbuf - fd:25 
	/opt/homebrew/lib/ruby/gems/4.0.0/gems/webrick-1.9.2/lib/webrick/httpserver.rb:82:in 'IO#eof?'
	/opt/homebrew/lib/ruby/gems/4.0.0/gems/webrick-1.9.2/lib/webrick/httpserver.rb:82:in 'WEBrick::HTTPServer#run'
	/opt/homebrew/lib/ruby/gems/4.0.0/gems/webrick-1.9.2/lib/webrick/server.rb:309:in 'block in WEBrick::GenericServer#start_thread'
[2026-05-04 20:33:47] ERROR Errno::ECONNRESET: Connection reset by peer @ io_fillbuf - fd:22 
	/opt/homebrew/lib/ruby/gems/4.0.0/gems/webrick-1.9.2/lib/webrick/httpserver.rb:82:in 'IO#eof?'
	/opt/homebrew/lib/ruby/gems/4.0.0/gems/webrick-1.9.2/lib/webrick/httpserver.rb:82:in 'WEBrick::HTTPServer#run'
	/opt/homebrew/lib/ruby/gems/4.0.0/gems/webrick-1.9.2/lib/webrick/server.rb:309:in 'block in WEBrick::GenericServer#start_thread'
[2026-05-04 20:33:54] ERROR Errno::ECONNRESET: Connection reset by peer @ io_fillbuf - fd:14 
	/opt/homebrew/lib/ruby/gems/4.0.0/gems/webrick-1.9.2/lib/webrick/httpserver.rb:82:in 'IO#eof?'
	/opt/homebrew/lib/ruby/gems/4.0.0/gems/webrick-1.9.2/lib/webrick/httpserver.rb:82:in 'WEBrick::HTTPServer#run'
	/opt/homebrew/lib/ruby/gems/4.0.0/gems/webrick-1.9.2/lib/webrick/server.rb:309:in 'block in WEBrick::GenericServer#start_thread'
[2026-05-04 20:33:54] ERROR Errno::ECONNRESET: Connection reset by peer @ io_fillbuf - fd:22 
	/opt/homebrew/lib/ruby/gems/4.0.0/gems/webrick-1.9.2/lib/webrick/httpserver.rb:82:in 'IO#eof?'
	/opt/homebrew/lib/ruby/gems/4.0.0/gems/webrick-1.9.2/lib/webrick/httpserver.rb:82:in 'WEBrick::HTTPServer#run'
	/opt/homebrew/lib/ruby/gems/4.0.0/gems/webrick-1.9.2/lib/webrick/server.rb:309:in 'block in WEBrick::GenericServer#start_thread'
[2026-05-04 20:33:54] ERROR Errno::ECONNRESET: Connection reset by peer @ io_fillbuf - fd:14 
	/opt/homebrew/lib/ruby/gems/4.0.0/gems/webrick-1.9.2/lib/webrick/httpserver.rb:82:in 'IO#eof?'
	/opt/homebrew/lib/ruby/gems/4.0.0/gems/webrick-1.9.2/lib/webrick/httpserver.rb:82:in 'WEBrick::HTTPServer#run'
	/opt/homebrew/lib/ruby/gems/4.0.0/gems/webrick-1.9.2/lib/webrick/server.rb:309:in 'block in WEBrick::GenericServer#start_thread'
[2026-05-04 20:33:54] ERROR Errno::ECONNRESET: Connection reset by peer @ io_fillbuf - fd:22 
	/opt/homebrew/lib/ruby/gems/4.0.0/gems/webrick-1.9.2/lib/webrick/httpserver.rb:82:in 'IO#eof?'
	/opt/homebrew/lib/ruby/gems/4.0.0/gems/webrick-1.9.2/lib/webrick/httpserver.rb:82:in 'WEBrick::HTTPServer#run'
	/opt/homebrew/lib/ruby/gems/4.0.0/gems/webrick-1.9.2/lib/webrick/server.rb:309:in 'block in WEBrick::GenericServer#start_thread'
[2026-05-04 20:33:54] ERROR Errno::ECONNRESET: Connection reset by peer @ io_fillbuf - fd:24 
	/opt/homebrew/lib/ruby/gems/4.0.0/gems/webrick-1.9.2/lib/webrick/httpserver.rb:82:in 'IO#eof?'
	/opt/homebrew/lib/ruby/gems/4.0.0/gems/webrick-1.9.2/lib/webrick/httpserver.rb:82:in 'WEBrick::HTTPServer#run'
	/opt/homebrew/lib/ruby/gems/4.0.0/gems/webrick-1.9.2/lib/webrick/server.rb:309:in 'block in WEBrick::GenericServer#start_thread'
[2026-05-04 20:33:54] ERROR Errno::ECONNRESET: Connection reset by peer @ io_fillbuf - fd:26 
	/opt/homebrew/lib/ruby/gems/4.0.0/gems/webrick-1.9.2/lib/webrick/httpserver.rb:82:in 'IO#eof?'
	/opt/homebrew/lib/ruby/gems/4.0.0/gems/webrick-1.9.2/lib/webrick/httpserver.rb:82:in 'WEBrick::HTTPServer#run'
	/opt/homebrew/lib/ruby/gems/4.0.0/gems/webrick-1.9.2/lib/webrick/server.rb:309:in 'block in WEBrick::GenericServer#start_thread'
[2026-05-04 20:33:54] ERROR Errno::ECONNRESET: Connection reset by peer @ io_fillbuf - fd:27 
	/opt/homebrew/lib/ruby/gems/4.0.0/gems/webrick-1.9.2/lib/webrick/httpserver.rb:82:in 'IO#eof?'
	/opt/homebrew/lib/ruby/gems/4.0.0/gems/webrick-1.9.2/lib/webrick/httpserver.rb:82:in 'WEBrick::HTTPServer#run'
	/opt/homebrew/lib/ruby/gems/4.0.0/gems/webrick-1.9.2/lib/webrick/server.rb:309:in 'block in WEBrick::GenericServer#start_thread'
[2026-05-04 20:33:54] ERROR Errno::ECONNRESET: Connection reset by peer @ io_fillbuf - fd:25 
	/opt/homebrew/lib/ruby/gems/4.0.0/gems/webrick-1.9.2/lib/webrick/httpserver.rb:82:in 'IO#eof?'
	/opt/homebrew/lib/ruby/gems/4.0.0/gems/webrick-1.9.2/lib/webrick/httpserver.rb:82:in 'WEBrick::HTTPServer#run'
	/opt/homebrew/lib/ruby/gems/4.0.0/gems/webrick-1.9.2/lib/webrick/server.rb:309:in 'block in WEBrick::GenericServer#start_thread'
[2026-05-04 20:33:54] ERROR Errno::ECONNRESET: Connection reset by peer @ io_fillbuf - fd:30 
	/opt/homebrew/lib/ruby/gems/4.0.0/gems/webrick-1.9.2/lib/webrick/httpserver.rb:82:in 'IO#eof?'
	/opt/homebrew/lib/ruby/gems/4.0.0/gems/webrick-1.9.2/lib/webrick/httpserver.rb:82:in 'WEBrick::HTTPServer#run'
	/opt/homebrew/lib/ruby/gems/4.0.0/gems/webrick-1.9.2/lib/webrick/server.rb:309:in 'block in WEBrick::GenericServer#start_thread'
      Regenerating: 1 file(s) changed at 2026-05-04 20:43:29
                    _includes/theme-toggle.html
       Jekyll Feed: Generating feed for posts
                    ...done in 2.624679 seconds.
                    
      Regenerating: 1 file(s) changed at 2026-05-04 20:43:42
                    _pages/about.md
       Jekyll Feed: Generating feed for posts
                    ...done in 2.538539 seconds.
                    
      Regenerating: 1 file(s) changed at 2026-05-04 20:43:59
                    _pages/skills.md
       Jekyll Feed: Generating feed for posts
                    ...done in 2.669549 seconds.
                    
      Regenerating: 1 file(s) changed at 2026-05-04 20:44:15
                    _pages/projects.md
       Jekyll Feed: Generating feed for posts
                    ...done in 2.691225 seconds.
                    
      Regenerating: 1 file(s) changed at 2026-05-04 20:45:01
                    _pages/achievements.md
       Jekyll Feed: Generating feed for posts
                    ...done in 2.615456 seconds.
                    
      Regenerating: 1 file(s) changed at 2026-05-04 20:59:59
                    _includes/theme-toggle.html
       Jekyll Feed: Generating feed for posts
                    ...done in 2.625858 seconds.
                    
      Regenerating: 1 file(s) changed at 2026-05-04 21:00:39
                    _pages/projects.md
       Jekyll Feed: Generating feed for posts
                    ...done in 2.655884 seconds.
                    
      Regenerating: 1 file(s) changed at 2026-05-04 21:01:09
                    _pages/skills.md
       Jekyll Feed: Generating feed for posts
                    ...done in 2.541653 seconds.
                    
      Regenerating: 1 file(s) changed at 2026-05-04 21:01:39
                    _pages/experience.md
       Jekyll Feed: Generating feed for posts
                    ...done in 2.557625 seconds.
                    
      Regenerating: 1 file(s) changed at 2026-05-04 21:02:23
                    _pages/achievements.md
       Jekyll Feed: Generating feed for posts
                    ...done in 2.579828 seconds.
                    
      Regenerating: 1 file(s) changed at 2026-05-04 21:18:00
                    _pages/about.md
       Jekyll Feed: Generating feed for posts
                    ...done in 2.622067 seconds.
                    
      Regenerating: 1 file(s) changed at 2026-05-04 21:18:19
                    _pages/about.md
       Jekyll Feed: Generating feed for posts
                    ...done in 2.581482 seconds.
                    
      Regenerating: 1 file(s) changed at 2026-05-04 21:19:10
                    _pages/education.md
       Jekyll Feed: Generating feed for posts
                    ...done in 2.593525 seconds.
                    
      Regenerating: 1 file(s) changed at 2026-05-04 21:19:25
                    _pages/cv.md
       Jekyll Feed: Generating feed for posts
                    ...done in 2.541668 seconds.
                    
      Regenerating: 1 file(s) changed at 2026-05-04 21:19:41
                    _pages/projects.md
       Jekyll Feed: Generating feed for posts
                    ...done in 3.469858 seconds.
                    
      Regenerating: 1 file(s) changed at 2026-05-04 21:20:05
                    _pages/skills.md
       Jekyll Feed: Generating feed for posts
                    ...done in 2.620171 seconds.
                    
      Regenerating: 1 file(s) changed at 2026-05-04 21:20:20
                    _includes/theme-toggle.html
       Jekyll Feed: Generating feed for posts
                    ...done in 2.753655 seconds.
                    
[2026-05-04 21:26:40] ERROR '/.well-known/appspecific/com.chrome.devtools.json' not found.
[2026-05-04 21:29:08] ERROR '/.well-known/appspecific/com.chrome.devtools.json' not found.
[2026-05-04 21:29:10] ERROR '/.well-known/appspecific/com.chrome.devtools.json' not found.
[2026-05-04 21:30:23] ERROR '/.well-known/appspecific/com.chrome.devtools.json' not found.
[2026-05-04 21:30:24] ERROR '/.well-known/appspecific/com.chrome.devtools.json' not found.
[2026-05-04 21:32:53] ERROR '/.well-known/appspecific/com.chrome.devtools.json' not found.
[2026-05-04 21:32:54] ERROR '/.well-known/appspecific/com.chrome.devtools.json' not found.
[2026-05-04 21:34:57] ERROR '/.well-known/appspecific/com.chrome.devtools.json' not found.
[2026-05-04 21:37:16] ERROR '/.well-known/appspecific/com.chrome.devtools.json' not found.
[2026-05-04 21:37:21] ERROR '/.well-known/appspecific/com.chrome.devtools.json' not found.
[2026-05-04 21:37:24] ERROR '/.well-known/appspecific/com.chrome.devtools.json' not found.
[2026-05-04 21:37:40] ERROR '/.well-known/appspecific/com.chrome.devtools.json' not found.
[2026-05-04 21:40:43] ERROR '/.well-known/appspecific/com.chrome.devtools.json' not found.
      Regenerating: 1 file(s) changed at 2026-05-04 21:41:23
                    _pages/about.md
       Jekyll Feed: Generating feed for posts
                    ...done in 2.687035 seconds.
                    
      Regenerating: 1 file(s) changed at 2026-05-04 21:41:32
                    _pages/education.md
       Jekyll Feed: Generating feed for posts
                    ...done in 2.65786 seconds.
                    
      Regenerating: 1 file(s) changed at 2026-05-04 21:41:46
                    _pages/skills.md
       Jekyll Feed: Generating feed for posts
                    ...done in 2.675968 seconds.
                    
      Regenerating: 1 file(s) changed at 2026-05-04 21:42:02
                    _pages/projects.md
       Jekyll Feed: Generating feed for posts
                    ...done in 4.483392 seconds.
                    
      Regenerating: 1 file(s) changed at 2026-05-04 21:42:17
                    _pages/achievements.md
       Jekyll Feed: Generating feed for posts
                    ...done in 2.688951 seconds.
                    
      Regenerating: 1 file(s) changed at 2026-05-04 21:42:43
                    _includes/theme-toggle.html
       Jekyll Feed: Generating feed for posts
                    ...done in 3.979636 seconds.
                    
[2026-05-04 21:44:58] ERROR '/.well-known/appspecific/com.chrome.devtools.json' not found.
[2026-05-04 21:45:32] ERROR '/.well-known/appspecific/com.chrome.devtools.json' not found.
[2026-05-04 21:45:34] ERROR '/.well-known/appspecific/com.chrome.devtools.json' not found.
[2026-05-04 21:45:37] ERROR '/.well-known/appspecific/com.chrome.devtools.json' not found.
[2026-05-04 21:46:36] ERROR '/.well-known/appspecific/com.chrome.devtools.json' not found.
[2026-05-04 21:46:38] ERROR '/.well-known/appspecific/com.chrome.devtools.json' not found.
[2026-05-04 21:46:40] ERROR '/.well-known/appspecific/com.chrome.devtools.json' not found.
[2026-05-04 21:46:51] ERROR '/.well-known/appspecific/com.chrome.devtools.json' not found.
[2026-05-04 21:48:48] ERROR '/.well-known/appspecific/com.chrome.devtools.json' not found.
[2026-05-04 21:49:20] ERROR '/.well-known/appspecific/com.chrome.devtools.json' not found.
      Regenerating: 1 file(s) changed at 2026-05-04 21:49:37
                    _includes/theme-toggle.html
       Jekyll Feed: Generating feed for posts
                    ...done in 3.770127 seconds.
                    
      Regenerating: 1 file(s) changed at 2026-05-04 21:49:51
                    _pages/skills.md
       Jekyll Feed: Generating feed for posts
                    ...done in 2.747115 seconds.
                    
[2026-05-04 21:50:04] ERROR '/.well-known/appspecific/com.chrome.devtools.json' not found.
[2026-05-04 21:50:12] ERROR '/.well-known/appspecific/com.chrome.devtools.json' not found.
[2026-05-04 21:51:27] ERROR '/.well-known/appspecific/com.chrome.devtools.json' not found.
[2026-05-04 21:52:01] ERROR '/.well-known/appspecific/com.chrome.devtools.json' not found.
[2026-05-04 21:53:04] ERROR '/.well-known/appspecific/com.chrome.devtools.json' not found.
[2026-05-04 21:53:07] ERROR '/.well-known/appspecific/com.chrome.devtools.json' not found.
[2026-05-04 21:53:09] ERROR '/.well-known/appspecific/com.chrome.devtools.json' not found.
[2026-05-04 21:53:19] ERROR '/.well-known/appspecific/com.chrome.devtools.json' not found.
[2026-05-04 21:53:20] ERROR '/.well-known/appspecific/com.chrome.devtools.json' not found.
[2026-05-04 21:53:41] ERROR '/.well-known/appspecific/com.chrome.devtools.json' not found.
      Regenerating: 1 file(s) changed at 2026-05-04 21:53:54
                    _pages/skills.md
       Jekyll Feed: Generating feed for posts
                    ...done in 2.623153 seconds.
                    
      Regenerating: 1 file(s) changed at 2026-05-04 21:54:06
                    _includes/theme-toggle.html
       Jekyll Feed: Generating feed for posts
                    ...done in 2.503112 seconds.
                    
[2026-05-04 21:54:23] ERROR '/.well-known/appspecific/com.chrome.devtools.json' not found.
[2026-05-04 21:54:24] ERROR '/.well-known/appspecific/com.chrome.devtools.json' not found.
[2026-05-04 21:54:28] ERROR '/.well-known/appspecific/com.chrome.devtools.json' not found.
[2026-05-04 21:54:28] ERROR '/.well-known/appspecific/com.chrome.devtools.json' not found.
[2026-05-04 21:54:28] ERROR '/.well-known/appspecific/com.chrome.devtools.json' not found.
[2026-05-04 21:54:30] ERROR '/.well-known/appspecific/com.chrome.devtools.json' not found.
[2026-05-04 21:54:34] ERROR '/.well-known/appspecific/com.chrome.devtools.json' not found.
[2026-05-04 21:55:11] ERROR '/.well-known/appspecific/com.chrome.devtools.json' not found.
      Regenerating: 1 file(s) changed at 2026-05-04 21:55:27
                    _includes/theme-toggle.html
       Jekyll Feed: Generating feed for posts
                    ...done in 2.803613 seconds.
                    
[2026-05-04 21:55:33] ERROR '/.well-known/appspecific/com.chrome.devtools.json' not found.
[2026-05-04 21:55:47] ERROR '/.well-known/appspecific/com.chrome.devtools.json' not found.
[2026-05-04 21:56:10] ERROR '/.well-known/appspecific/com.chrome.devtools.json' not found.
[2026-05-04 21:56:13] ERROR '/.well-known/appspecific/com.chrome.devtools.json' not found.
      Regenerating: 1 file(s) changed at 2026-05-04 21:56:29
                    _includes/theme-toggle.html
       Jekyll Feed: Generating feed for posts
                    ...done in 3.711544 seconds.
                    
[2026-05-04 21:57:13] ERROR '/.well-known/appspecific/com.chrome.devtools.json' not found.
[2026-05-04 21:57:21] ERROR '/.well-known/appspecific/com.chrome.devtools.json' not found.
[2026-05-04 21:57:25] ERROR '/.well-known/appspecific/com.chrome.devtools.json' not found.
[2026-05-04 21:57:27] ERROR '/.well-known/appspecific/com.chrome.devtools.json' not found.
[2026-05-04 21:57:37] ERROR '/.well-known/appspecific/com.chrome.devtools.json' not found.
[2026-05-04 21:57:39] ERROR '/.well-known/appspecific/com.chrome.devtools.json' not found.
[2026-05-04 21:58:03] ERROR '/.well-known/appspecific/com.chrome.devtools.json' not found.
[2026-05-04 21:58:06] ERROR '/.well-known/appspecific/com.chrome.devtools.json' not found.
[2026-05-04 21:58:11] ERROR '/.well-known/appspecific/com.chrome.devtools.json' not found.
[2026-05-04 21:58:14] ERROR '/.well-known/appspecific/com.chrome.devtools.json' not found.
[2026-05-04 21:58:36] ERROR '/.well-known/appspecific/com.chrome.devtools.json' not found.
[2026-05-04 21:58:41] ERROR '/.well-known/appspecific/com.chrome.devtools.json' not found.
      Regenerating: 1 file(s) changed at 2026-05-04 21:59:22
                    _pages/skills.md
       Jekyll Feed: Generating feed for posts
                    ...done in 2.620781 seconds.
                    
      Regenerating: 1 file(s) changed at 2026-05-04 21:59:29
                    _pages/projects.md
       Jekyll Feed: Generating feed for posts
                    ...done in 2.499071 seconds.
                    
      Regenerating: 1 file(s) changed at 2026-05-04 21:59:37
                    _pages/achievements.md
       Jekyll Feed: Generating feed for posts
                    ...done in 2.55783 seconds.
                    
      Regenerating: 1 file(s) changed at 2026-05-04 21:59:46
                    _pages/certifications.md
       Jekyll Feed: Generating feed for posts
                    ...done in 2.478547 seconds.
                    
[2026-05-04 21:59:58] ERROR '/.well-known/appspecific/com.chrome.devtools.json' not found.
[2026-05-04 21:59:59] ERROR '/.well-known/appspecific/com.chrome.devtools.json' not found.
[2026-05-04 22:00:00] ERROR '/.well-known/appspecific/com.chrome.devtools.json' not found.
[2026-05-04 22:01:54] ERROR '/.well-known/appspecific/com.chrome.devtools.json' not found.
[2026-05-04 22:01:55] ERROR '/.well-known/appspecific/com.chrome.devtools.json' not found.
[2026-05-04 22:02:00] ERROR '/.well-known/appspecific/com.chrome.devtools.json' not found.
[2026-05-04 22:02:02] ERROR '/.well-known/appspecific/com.chrome.devtools.json' not found.
[2026-05-04 22:02:04] ERROR '/.well-known/appspecific/com.chrome.devtools.json' not found.
[2026-05-04 22:02:06] ERROR '/.well-known/appspecific/com.chrome.devtools.json' not found.
[2026-05-04 22:02:08] ERROR '/.well-known/appspecific/com.chrome.devtools.json' not found.
      Regenerating: 1 file(s) changed at 2026-05-04 22:02:23
                    _includes/theme-toggle.html
       Jekyll Feed: Generating feed for posts
                    ...done in 2.734246 seconds.
                    
[2026-05-04 22:02:31] ERROR '/.well-known/appspecific/com.chrome.devtools.json' not found.
      Regenerating: 1 file(s) changed at 2026-05-04 22:02:58
                    _pages/about.md
       Jekyll Feed: Generating feed for posts
                    ...done in 2.602916 seconds.
                    
      Regenerating: 1 file(s) changed at 2026-05-04 22:03:06
                    _pages/experience.md
       Jekyll Feed: Generating feed for posts
                    ...done in 2.540824 seconds.
                    
      Regenerating: 1 file(s) changed at 2026-05-04 22:03:15
                    _pages/education.md
       Jekyll Feed: Generating feed for posts
                    ...done in 2.515967 seconds.
                    
      Regenerating: 1 file(s) changed at 2026-05-04 22:03:22
                    _pages/cv.md
       Jekyll Feed: Generating feed for posts
                    ...done in 2.53759 seconds.
                    
[2026-05-04 22:03:39] ERROR '/.well-known/appspecific/com.chrome.devtools.json' not found.
[2026-05-04 22:03:41] ERROR '/.well-known/appspecific/com.chrome.devtools.json' not found.
[2026-05-04 22:03:43] ERROR '/.well-known/appspecific/com.chrome.devtools.json' not found.
[2026-05-04 22:03:44] ERROR '/.well-known/appspecific/com.chrome.devtools.json' not found.
[2026-05-04 22:03:51] ERROR '/.well-known/appspecific/com.chrome.devtools.json' not found.
[2026-05-04 22:04:03] ERROR '/.well-known/appspecific/com.chrome.devtools.json' not found.
[2026-05-04 22:04:05] ERROR '/.well-known/appspecific/com.chrome.devtools.json' not found.
[2026-05-04 22:04:07] ERROR '/.well-known/appspecific/com.chrome.devtools.json' not found.
[2026-05-04 22:04:08] ERROR '/.well-known/appspecific/com.chrome.devtools.json' not found.
[2026-05-04 22:04:10] ERROR '/.well-known/appspecific/com.chrome.devtools.json' not found.
[2026-05-04 22:04:23] ERROR '/.well-known/appspecific/com.chrome.devtools.json' not found.
[2026-05-04 22:04:27] ERROR '/.well-known/appspecific/com.chrome.devtools.json' not found.
